------------------------------------------------------------
Timing Analyzer Summary
------------------------------------------------------------

Type  : Slow 1100mV 85C Model Setup 'iPLL|pll_inst|altera_pll_i|general[0].gpll~PLL_OUTPUT_COUNTER|divclk'
Slack : 8.871
TNS   : 0.000

Type  : Slow 1100mV 85C Model Setup 'iPLL|pll_inst|altera_pll_i|general[1].gpll~PLL_OUTPUT_COUNTER|divclk'
Slack : 34.058
TNS   : 0.000

Type  : Slow 1100mV 85C Model Hold 'iPLL|pll_inst|altera_pll_i|general[0].gpll~PLL_OUTPUT_COUNTER|divclk'
Slack : 0.248
TNS   : 0.000

Type  : Slow 1100mV 85C Model Hold 'iPLL|pll_inst|altera_pll_i|general[1].gpll~PLL_OUTPUT_COUNTER|divclk'
Slack : 0.374
TNS   : 0.000

Type  : Slow 1100mV 85C Model Recovery 'iPLL|pll_inst|altera_pll_i|general[1].gpll~PLL_OUTPUT_COUNTER|divclk'
Slack : 6.890
TNS   : 0.000

Type  : Slow 1100mV 85C Model Recovery 'iPLL|pll_inst|altera_pll_i|general[0].gpll~PLL_OUTPUT_COUNTER|divclk'
Slack : 7.274
TNS   : 0.000

Type  : Slow 1100mV 85C Model Removal 'iPLL|pll_inst|altera_pll_i|general[1].gpll~PLL_OUTPUT_COUNTER|divclk'
Slack : 10.447
TNS   : 0.000

Type  : Slow 1100mV 85C Model Removal 'iPLL|pll_inst|altera_pll_i|general[0].gpll~PLL_OUTPUT_COUNTER|divclk'
Slack : 10.954
TNS   : 0.000

Type  : Slow 1100mV 85C Model Minimum Pulse Width 'iPLL|pll_inst|altera_pll_i|general[0].gpll~FRACTIONAL_PLL|vcoph[0]'
Slack : 1.666
TNS   : 0.000

Type  : Slow 1100mV 85C Model Minimum Pulse Width 'iPLL|pll_inst|altera_pll_i|general[0].gpll~PLL_OUTPUT_COUNTER|divclk'
Slack : 8.774
TNS   : 0.000

Type  : Slow 1100mV 85C Model Minimum Pulse Width 'REF_CLK'
Slack : 9.670
TNS   : 0.000

Type  : Slow 1100mV 85C Model Minimum Pulse Width 'iPLL|pll_inst|altera_pll_i|general[1].gpll~PLL_OUTPUT_COUNTER|divclk'
Slack : 19.304
TNS   : 0.000

Type  : Slow 1100mV 0C Model Setup 'iPLL|pll_inst|altera_pll_i|general[0].gpll~PLL_OUTPUT_COUNTER|divclk'
Slack : 9.144
TNS   : 0.000

Type  : Slow 1100mV 0C Model Setup 'iPLL|pll_inst|altera_pll_i|general[1].gpll~PLL_OUTPUT_COUNTER|divclk'
Slack : 34.183
TNS   : 0.000

Type  : Slow 1100mV 0C Model Hold 'iPLL|pll_inst|altera_pll_i|general[0].gpll~PLL_OUTPUT_COUNTER|divclk'
Slack : 0.230
TNS   : 0.000

Type  : Slow 1100mV 0C Model Hold 'iPLL|pll_inst|altera_pll_i|general[1].gpll~PLL_OUTPUT_COUNTER|divclk'
Slack : 0.380
TNS   : 0.000

Type  : Slow 1100mV 0C Model Recovery 'iPLL|pll_inst|altera_pll_i|general[1].gpll~PLL_OUTPUT_COUNTER|divclk'
Slack : 7.164
TNS   : 0.000

Type  : Slow 1100mV 0C Model Recovery 'iPLL|pll_inst|altera_pll_i|general[0].gpll~PLL_OUTPUT_COUNTER|divclk'
Slack : 7.480
TNS   : 0.000

Type  : Slow 1100mV 0C Model Removal 'iPLL|pll_inst|altera_pll_i|general[1].gpll~PLL_OUTPUT_COUNTER|divclk'
Slack : 10.349
TNS   : 0.000

Type  : Slow 1100mV 0C Model Removal 'iPLL|pll_inst|altera_pll_i|general[0].gpll~PLL_OUTPUT_COUNTER|divclk'
Slack : 10.804
TNS   : 0.000

Type  : Slow 1100mV 0C Model Minimum Pulse Width 'iPLL|pll_inst|altera_pll_i|general[0].gpll~FRACTIONAL_PLL|vcoph[0]'
Slack : 1.666
TNS   : 0.000

Type  : Slow 1100mV 0C Model Minimum Pulse Width 'iPLL|pll_inst|altera_pll_i|general[0].gpll~PLL_OUTPUT_COUNTER|divclk'
Slack : 8.756
TNS   : 0.000

Type  : Slow 1100mV 0C Model Minimum Pulse Width 'REF_CLK'
Slack : 9.673
TNS   : 0.000

Type  : Slow 1100mV 0C Model Minimum Pulse Width 'iPLL|pll_inst|altera_pll_i|general[1].gpll~PLL_OUTPUT_COUNTER|divclk'
Slack : 19.250
TNS   : 0.000

Type  : Fast 1100mV 85C Model Setup 'iPLL|pll_inst|altera_pll_i|general[0].gpll~PLL_OUTPUT_COUNTER|divclk'
Slack : 12.832
TNS   : 0.000

Type  : Fast 1100mV 85C Model Setup 'iPLL|pll_inst|altera_pll_i|general[1].gpll~PLL_OUTPUT_COUNTER|divclk'
Slack : 36.335
TNS   : 0.000

Type  : Fast 1100mV 85C Model Hold 'iPLL|pll_inst|altera_pll_i|general[0].gpll~PLL_OUTPUT_COUNTER|divclk'
Slack : 0.154
TNS   : 0.000

Type  : Fast 1100mV 85C Model Hold 'iPLL|pll_inst|altera_pll_i|general[1].gpll~PLL_OUTPUT_COUNTER|divclk'
Slack : 0.181
TNS   : 0.000

Type  : Fast 1100mV 85C Model Recovery 'iPLL|pll_inst|altera_pll_i|general[1].gpll~PLL_OUTPUT_COUNTER|divclk'
Slack : 8.242
TNS   : 0.000

Type  : Fast 1100mV 85C Model Recovery 'iPLL|pll_inst|altera_pll_i|general[0].gpll~PLL_OUTPUT_COUNTER|divclk'
Slack : 8.328
TNS   : 0.000

Type  : Fast 1100mV 85C Model Removal 'iPLL|pll_inst|altera_pll_i|general[1].gpll~PLL_OUTPUT_COUNTER|divclk'
Slack : 10.274
TNS   : 0.000

Type  : Fast 1100mV 85C Model Removal 'iPLL|pll_inst|altera_pll_i|general[0].gpll~PLL_OUTPUT_COUNTER|divclk'
Slack : 10.526
TNS   : 0.000

Type  : Fast 1100mV 85C Model Minimum Pulse Width 'iPLL|pll_inst|altera_pll_i|general[0].gpll~FRACTIONAL_PLL|vcoph[0]'
Slack : 1.666
TNS   : 0.000

Type  : Fast 1100mV 85C Model Minimum Pulse Width 'iPLL|pll_inst|altera_pll_i|general[0].gpll~PLL_OUTPUT_COUNTER|divclk'
Slack : 8.889
TNS   : 0.000

Type  : Fast 1100mV 85C Model Minimum Pulse Width 'REF_CLK'
Slack : 9.336
TNS   : 0.000

Type  : Fast 1100mV 85C Model Minimum Pulse Width 'iPLL|pll_inst|altera_pll_i|general[1].gpll~PLL_OUTPUT_COUNTER|divclk'
Slack : 19.555
TNS   : 0.000

Type  : Fast 1100mV 0C Model Setup 'iPLL|pll_inst|altera_pll_i|general[0].gpll~PLL_OUTPUT_COUNTER|divclk'
Slack : 13.570
TNS   : 0.000

Type  : Fast 1100mV 0C Model Setup 'iPLL|pll_inst|altera_pll_i|general[1].gpll~PLL_OUTPUT_COUNTER|divclk'
Slack : 36.693
TNS   : 0.000

Type  : Fast 1100mV 0C Model Hold 'iPLL|pll_inst|altera_pll_i|general[0].gpll~PLL_OUTPUT_COUNTER|divclk'
Slack : 0.138
TNS   : 0.000

Type  : Fast 1100mV 0C Model Hold 'iPLL|pll_inst|altera_pll_i|general[1].gpll~PLL_OUTPUT_COUNTER|divclk'
Slack : 0.173
TNS   : 0.000

Type  : Fast 1100mV 0C Model Recovery 'iPLL|pll_inst|altera_pll_i|general[1].gpll~PLL_OUTPUT_COUNTER|divclk'
Slack : 8.437
TNS   : 0.000

Type  : Fast 1100mV 0C Model Recovery 'iPLL|pll_inst|altera_pll_i|general[0].gpll~PLL_OUTPUT_COUNTER|divclk'
Slack : 8.520
TNS   : 0.000

Type  : Fast 1100mV 0C Model Removal 'iPLL|pll_inst|altera_pll_i|general[1].gpll~PLL_OUTPUT_COUNTER|divclk'
Slack : 10.199
TNS   : 0.000

Type  : Fast 1100mV 0C Model Removal 'iPLL|pll_inst|altera_pll_i|general[0].gpll~PLL_OUTPUT_COUNTER|divclk'
Slack : 10.440
TNS   : 0.000

Type  : Fast 1100mV 0C Model Minimum Pulse Width 'iPLL|pll_inst|altera_pll_i|general[0].gpll~FRACTIONAL_PLL|vcoph[0]'
Slack : 1.666
TNS   : 0.000

Type  : Fast 1100mV 0C Model Minimum Pulse Width 'iPLL|pll_inst|altera_pll_i|general[0].gpll~PLL_OUTPUT_COUNTER|divclk'
Slack : 8.888
TNS   : 0.000

Type  : Fast 1100mV 0C Model Minimum Pulse Width 'REF_CLK'
Slack : 9.286
TNS   : 0.000

Type  : Fast 1100mV 0C Model Minimum Pulse Width 'iPLL|pll_inst|altera_pll_i|general[1].gpll~PLL_OUTPUT_COUNTER|divclk'
Slack : 19.544
TNS   : 0.000

------------------------------------------------------------
